// Jest Snapshot v1, https://goo.gl/fbAQLP

exports[`Textarea component renders properly 1`] = `
.c0 {
  font-family: Lato,sans-serif;
  font-size: 14px;
  line-height: 17px;
  border-radius: 3px;
  background-color: #fff;
  border: 1px solid #bfbfbf;
  padding: 7px 12px 6px 8px;
  color: #4f4f4f;
  height: 75px;
}

.c0::-webkit-input-placeholder {
  color: #898889;
}

.c0::-moz-placeholder {
  color: #898889;
}

.c0:-ms-input-placeholder {
  color: #898889;
}

.c0::placeholder {
  color: #898889;
}

<textarea
  class="c0"
  placeholder="test"
/>
`;
