// Jest Snapshot v1, https://goo.gl/fbAQLP

exports[`Select component renders properly 1`] = `
<div
  class=" css-dyr6gj-container"
>
  <div
    class=" css-s29e3p-control"
  >
    <div
      class=" css-1hwfws3"
    >
      <div
        class=" css-gzyhiy-placeholder"
      >
        Select a number
      </div>
      <div
        class="css-b8ldur-Input"
      >
        <div
          class=""
          style="display: inline-block;"
        >
          <input
            aria-autocomplete="list"
            autocapitalize="none"
            autocomplete="nope"
            autocorrect="off"
            id="react-select-2-input"
            spellcheck="false"
            style="box-sizing: content-box; width: 2px; border: 0px; font-size: inherit; opacity: 1; outline: 0; padding: 0px;"
            tabindex="0"
            type="text"
            value=""
          />
          <div
            style="position: absolute; top: 0px; left: 0px; visibility: hidden; height: 0px; overflow: scroll; white-space: pre; font-size: inherit; font-family: -webkit-small-control; letter-spacing: normal; text-transform: none;"
          />
        </div>
      </div>
    </div>
    <div
      class=" css-1hb7zxy-IndicatorsContainer"
    >
      <span
        class=" css-1xjgjl1-IndicatorSeparator"
      />
      <div
        aria-hidden="true"
        class=" css-tlfecz-indicatorContainer"
      >
        <svg
          aria-hidden="true"
          class="css-6q0nyr-Svg"
          focusable="false"
          height="20"
          viewBox="0 0 20 20"
          width="20"
        >
          <path
            d="M4.516 7.548c0.436-0.446 1.043-0.481 1.576 0l3.908 3.747 3.908-3.747c0.533-0.481 1.141-0.446 1.574 0 0.436 0.445 0.408 1.197 0 1.615-0.406 0.418-4.695 4.502-4.695 4.502-0.217 0.223-0.502 0.335-0.787 0.335s-0.57-0.112-0.789-0.335c0 0-4.287-4.084-4.695-4.502s-0.436-1.17 0-1.615z"
          />
        </svg>
      </div>
    </div>
  </div>
  <div
    class=" css-26l3qy-menu"
  >
    <div
      class=" css-4ljt47-MenuList"
    >
      <div
        class=" css-zuk4g2-option"
        id="react-select-2-option-0"
        tabindex="-1"
      >
        one
      </div>
      <div
        class=" css-zuk4g2-option"
        id="react-select-2-option-1"
        tabindex="-1"
      >
        two
      </div>
      <div
        class=" css-zuk4g2-option"
        id="react-select-2-option-2"
        tabindex="-1"
      >
        three
      </div>
    </div>
  </div>
</div>
`;
